// Vitest Snapshot v1, https://vitest.dev/guide/snapshot.html

exports[`Comparator - Single debug > single 1`] = `
"===================================================================
--- a/target.ts
+++ b/target.ts
@@ -1,17 +1,29 @@
export interface UserProfile {
  preferences: UserInfo['settings'];
+
+  theme: UserInfo['settings']['theme'];
+
  user: UserInfo;
}

export interface UserInfo {
+  email: string;
+
  foo: boolean;
+
  id: number;
+
  name: string;
+
  number: number;
+
  settings: Settings;
}

export interface Settings {
+  language: string;
+
  notifications: boolean;
+
  theme: string;
};"
`;
