// Vitest Snapshot v1, https://vitest.dev/guide/snapshot.html

exports[`Comparator Method Overload Cases > method overloads preserve order when members are added 1`] = `
"===================================================================
--- a/target.ts
+++ b/target.ts
@@ -1,4 +1,7 @@
export interface OverloadedApi {
  Lookup(id: number): string;
+
  Lookup(id: string): number;
+
+  NewMethod(): void;
}"
`;
