// Vitest Snapshot v1, https://vitest.dev/guide/snapshot.html

exports[`Comparator - Single debug > single 1`] = `
"===================================================================
--- a/target.ts
+++ b/target.ts
@@ -1,11 +1,25 @@
export interface ApiResponse<T> {
-  data: T[];
+  data: number | string[];
+
+  error: ApiError;
+
  pagination: Pagination;
+
  success: boolean;
}

export interface Pagination {
-  page: number;
+  hasMore: boolean;
+
  limit: number;
+
+  page: number;
+
  total: number;
}
+
+export interface ApiError {
+  code: string;
+  message: string;
+  details?: Record<string, unknown>;
+}"
`;
