// Vitest Snapshot v1, https://vitest.dev/guide/snapshot.html

exports[`Comparator - Single debug > single 1`] = `
"===================================================================
--- a/target.ts
+++ b/target.ts
@@ -1,11 +1,19 @@
export interface ApiResponse<T> {
-  data: T[];
+  data: number | string[];
  pagination: Pagination;
  success: boolean;
+  error: ApiError;
}

export interface Pagination {
  page: number;
  limit: number;
  total: number;
+  hasMore: boolean;
}
+
+export interface ApiError {
+  code: string;
+  message: string;
+  details?: Record<string, unknown>;
+}"
`;
